  Linearize ENDF/B Cross Sections (LINEAR 2019-1)
  ------------------------------------------------------------------------------
  Retrieval Criteria-----------        MAT
  Monitor Mode-----------------        Off
  Minimum Cross Section-------- 1.0000E-10
  Keep Evaluated Data Points---        Yes
  ------------------------------------------------------------------------------
  ENDF/B Input and Output Data Filenames
  LINEAR.IN                                                               
  LINEAR.OUT                                                              
  ------------------------------------------------------------------------------
  Requested Ranges
  ------------------------------------------------------------------------------
       Minimum       Maximum   
     MAT MF  MT    MAT MF  MT
  ------------------------------------------------------------------------------
       0  0   0 999999 99 999
  ------------------------------------------------------------------------------
  Allowable Uncertainty
  ------------------------------------------------------------------------------
      Energy Uncertainty   per-cent
  ------------------------------------------------------------------------------
  0.0         1.0000E-10     0.0000
  ------------------------------------------------------------------------------
  ENDF/B Tape Label
  ------------------------------------------------------------------------------
   EMPEND Processing file : y89-g.out                                  1
  ------------------------------------------------------------------------------
    Material  MAT  MF  MT  ENDF/B      Kelvin     Q-Value   Points   Points
                           Format                      eV       In      Out
  ------------------------------------------------------------------------------
   39-Y -89  3925   3   1   VI     0.0         0.0             225      225
   39-Y -89  3925   3   4   VI     0.0        -11476430.0      151      151
   39-Y -89  3925   3   5   VI     0.0        -7321000.00      221      221
   39-Y -89  3925   3  11   VI     0.0        -29620370.0       39       39
   39-Y -89  3925   3  16   VI     0.0        -20827000.0       65       65
   39-Y -89  3925   3  17   VI     0.0        -32633000.0       33       33
   39-Y -89  3925   3  22   VI     0.0        -18448000.0       77       77
   39-Y -89  3925   3  28   VI     0.0        -18184000.0       78       78
   39-Y -89  3925   3  32   VI     0.0        -24387000.0       53       53
   39-Y -89  3925   3  33   VI     0.0        -29620000.0       40       40
   39-Y -89  3925   3  34   VI     0.0        -28536000.0       42       42
   39-Y -89  3925   3  41   VI     0.0        -26611000.0       47       47
   39-Y -89  3925   3  42   VI     0.0        -38101000.0       20       20
   39-Y -89  3925   3  44   VI     0.0        -27604000.0       45       45
   39-Y -89  3925   3  50   VI     0.0        -11476430.0      151      151
   39-Y -89  3925   3  51   VI     0.0        -11708360.0      139      139
   39-Y -89  3925   3  52   VI     0.0        -11869290.0      133      133
   39-Y -89  3925   3  53   VI     0.0        -12150980.0      129      129
   39-Y -89  3925   3  54   VI     0.0        -12183150.0      128      128
   39-Y -89  3925   3  55   VI     0.0        -12183430.0      127      127
   39-Y -89  3925   3  56   VI     0.0        -12188430.0      126      126
   39-Y -89  3925   3  57   VI     0.0        -12191590.0      125      125
   39-Y -89  3925   3  58   VI     0.0        -12242830.0      124      124
   39-Y -89  3925   3  59   VI     0.0        -12319610.0      123      123
   39-Y -89  3925   3  60   VI     0.0        -12461260.0      122      122
   39-Y -89  3925   3  61   VI     0.0        -12564640.0      120      120
   39-Y -89  3925   3  62   VI     0.0        -12605560.0      119      119
   39-Y -89  3925   3  63   VI     0.0        -12691430.0      118      118
   39-Y -89  3925   3  64   VI     0.0        -12697690.0      117      117
   39-Y -89  3925   3  65   VI     0.0        -12710430.0      116      116
   39-Y -89  3925   3  66   VI     0.0        -12738430.0      115      115
   39-Y -89  3925   3  67   VI     0.0        -12751730.0      114      114
   39-Y -89  3925   3  68   VI     0.0        -12760380.0      113      113
   39-Y -89  3925   3  69   VI     0.0        -12791430.0      112      112
   39-Y -89  3925   3  70   VI     0.0        -12796570.0      111      111
   39-Y -89  3925   3  71   VI     0.0        -12938030.0      110      110
   39-Y -89  3925   3  72   VI     0.0        -12951430.0      109      109
   39-Y -89  3925   3  74   VI     0.0        -13047230.0      107      107
   39-Y -89  3925   3  75   VI     0.0        -13051860.0      106      106
   39-Y -89  3925   3  76   VI     0.0        -13072330.0      105      105
   39-Y -89  3925   3  77   VI     0.0        -13179160.0      104      104
   39-Y -89  3925   3  78   VI     0.0        -13210430.0      103      103
   39-Y -89  3925   3  79   VI     0.0        -13237430.0      102      102
   39-Y -89  3925   3  80   VI     0.0        -13308430.0      101      101
   39-Y -89  3925   3  81   VI     0.0        -13357430.0      100      100
   39-Y -89  3925   3  82   VI     0.0        -13381430.0       99       99
   39-Y -89  3925   3  83   VI     0.0        -13426430.0       98       98
   39-Y -89  3925   3  84   VI     0.0        -13447430.0       96       96
   39-Y -89  3925   3  91   VI     0.0        -13447000.0       97       97
   39-Y -89  3925   3 102   VI     0.0         0.0             225      225
   39-Y -89  3925   3 104   VI     0.0        -15960000.0       86       86
   39-Y -89  3925   3 105   VI     0.0        -18130000.0       79       79
   39-Y -89  3925   3 106   VI     0.0        -19886000.0       70       70
   39-Y -89  3925   3 111   VI     0.0        -17685000.0       81       81
   39-Y -89  3925   3 112   VI     0.0        -14985000.0       89       89
   39-Y -89  3925   3 115   VI     0.0        -25380000.0       50       50
   39-Y -89  3925   3 116   VI     0.0        -27773000.0       44       44
   39-Y -89  3925   3 600   VI     0.0        -7071030.00      222      222
   39-Y -89  3925   3 601   VI     0.0        -8907117.00      204      204
   39-Y -89  3925   3 602   VI     0.0        -9805164.00      186      186
   39-Y -89  3925   3 603   VI     0.0        -10223030.0      174      174
   39-Y -89  3925   3 604   VI     0.0        -10289540.0      173      173
   39-Y -89  3925   3 605   VI     0.0        -10449130.0      172      172
   39-Y -89  3925   3 606   VI     0.0        -10557590.0      170      170
   39-Y -89  3925   3 607   VI     0.0        -10593970.0      169      169
   39-Y -89  3925   3 608   VI     0.0        -10655810.0      168      168
   39-Y -89  3925   3 609   VI     0.0        -10706150.0      167      167
   39-Y -89  3925   3 610   VI     0.0        -11023670.0      165      165
   39-Y -89  3925   3 611   VI     0.0        -11064030.0      164      164
   39-Y -89  3925   3 612   VI     0.0        -11090670.0      163      163
   39-Y -89  3925   3 613   VI     0.0        -11106630.0      162      162
   39-Y -89  3925   3 614   VI     0.0        -11110100.0      161      161
   39-Y -89  3925   3 615   VI     0.0        -11241460.0      160      160
   39-Y -89  3925   3 616   VI     0.0        -11242030.0      159      159
   39-Y -89  3925   3 617   VI     0.0        -11295130.0      158      158
   39-Y -89  3925   3 618   VI     0.0        -11297630.0      157      157
   39-Y -89  3925   3 619   VI     0.0        -11298270.0      156      156
   39-Y -89  3925   3 620   VI     0.0        -11339760.0      155      155
   39-Y -89  3925   3 621   VI     0.0        -11370680.0      154      154
   39-Y -89  3925   3 622   VI     0.0        -11426030.0      153      153
   39-Y -89  3925   3 623   VI     0.0        -11438920.0      152      152
   39-Y -89  3925   3 624   VI     0.0        -11484990.0      150      150
   39-Y -89  3925   3 625   VI     0.0        -11511820.0      148      148
   39-Y -89  3925   3 626   VI     0.0        -11523050.0      147      147
   39-Y -89  3925   3 627   VI     0.0        -11556030.0      146      146
   39-Y -89  3925   3 628   VI     0.0        -11585060.0      145      145
   39-Y -89  3925   3 629   VI     0.0        -11585570.0      144      144
   39-Y -89  3925   3 630   VI     0.0        -11592420.0      143      143
   39-Y -89  3925   3 631   VI     0.0        -11627030.0      142      142
   39-Y -89  3925   3 632   VI     0.0        -11684830.0      141      141
   39-Y -89  3925   3 633   VI     0.0        -11703030.0      140      140
   39-Y -89  3925   3 634   VI     0.0        -11716030.0      138      138
   39-Y -89  3925   3 635   VI     0.0        -11758360.0      137      137
   39-Y -89  3925   3 636   VI     0.0        -11813590.0      136      136
   39-Y -89  3925   3 637   VI     0.0        -11842630.0      135      135
   39-Y -89  3925   3 638   VI     0.0        -11869030.0      134      134
   39-Y -89  3925   3 639   VI     0.0        -11872330.0      131      131
   39-Y -89  3925   3 649   VI     0.0        -11872300.0      132      132
   39-Y -89  3925   3 800   VI     0.0        -7958930.00      220      220
   39-Y -89  3925   3 801   VI     0.0        -8110091.00      218      218
   39-Y -89  3925   3 802   VI     0.0        -8239916.00      216      216
   39-Y -89  3925   3 803   VI     0.0        -8472938.00      213      213
   39-Y -89  3925   3 804   VI     0.0        -8690752.00      210      210
   39-Y -89  3925   3 805   VI     0.0        -8827910.00      208      208
   39-Y -89  3925   3 806   VI     0.0        -8844750.00      207      207
   39-Y -89  3925   3 807   VI     0.0        -8878630.00      206      206
   39-Y -89  3925   3 808   VI     0.0        -8878640.00      205      205
   39-Y -89  3925   3 809   VI     0.0        -8909880.00      203      203
   39-Y -89  3925   3 810   VI     0.0        -9133930.00      201      201
   39-Y -89  3925   3 811   VI     0.0        -9134460.00      200      200
   39-Y -89  3925   3 812   VI     0.0        -9252300.00      199      199
   39-Y -89  3925   3 813   VI     0.0        -9254870.00      198      198
   39-Y -89  3925   3 814   VI     0.0        -9343140.00      197      197
   39-Y -89  3925   3 815   VI     0.0        -9403990.00      196      196
   39-Y -89  3925   3 816   VI     0.0        -9408140.00      195      195
   39-Y -89  3925   3 817   VI     0.0        -9455220.00      194      194
   39-Y -89  3925   3 818   VI     0.0        -9590390.00      192      192
   39-Y -89  3925   3 819   VI     0.0        -9627560.00      191      191
   39-Y -89  3925   3 820   VI     0.0        -9706730.00      190      190
   39-Y -89  3925   3 821   VI     0.0        -9745860.00      189      189
   39-Y -89  3925   3 822   VI     0.0        -9751210.00      188      188
   39-Y -89  3925   3 823   VI     0.0        -9761130.00      187      187
   39-Y -89  3925   3 824   VI     0.0        -9811550.00      185      185
   39-Y -89  3925   3 825   VI     0.0        -9849930.00      184      184
   39-Y -89  3925   3 826   VI     0.0        -9888630.00      183      183
   39-Y -89  3925   3 827   VI     0.0        -9908960.00      182      182
   39-Y -89  3925   3 828   VI     0.0        -9958830.00      181      181
   39-Y -89  3925   3 829   VI     0.0        -9987040.00      180      180
   39-Y -89  3925   3 830   VI     0.0        -9998430.00      179      179
   39-Y -89  3925   3 831   VI     0.0        -10011930.0      177      177
   39-Y -89  3925   3 832   VI     0.0        -10046530.0      176      176
   39-Y -89  3925   3 849   VI     0.0        -10046600.0      175      175
   39-Y -89  3925  10   5   VI                                   6        6
   39-Y -89  3925  10   5   VI                                   7        7
   39-Y -89  3925  10   5   VI                                   7        7
   39-Y -89  3925  10   5   VI                                   7        7
   39-Y -89  3925  10   5   VI                                   8        8
   39-Y -89  3925  10   5   VI                                   9        9
   39-Y -89  3925  10   5   VI                                   6        6
   39-Y -89  3925  10   5   VI                                   7        7
   39-Y -89  3925  10   5   VI                                   7        7
   39-Y -89  3925  10   5   VI                                   9        9
   39-Y -89  3925  10   5   VI                                   9        9
   39-Y -89  3925  10   5   VI                                   9        9
   39-Y -89  3925  10   5   VI                                   6        6
   39-Y -89  3925  10   5   VI                                   7        7
   39-Y -89  3925  10   5   VI                                   8        8
   39-Y -89  3925  10   5   VI                                   9        9
   39-Y -89  3925  10   5   VI                                  10       10
   39-Y -89  3925  10   5   VI                                  11       11
   39-Y -89  3925  10   5   VI                                   9        9
   39-Y -89  3925  10   5   VI                                   9        9
   39-Y -89  3925  10   5   VI                                   6        6
   39-Y -89  3925  10   5   VI                                   7        7
   39-Y -89  3925  10   5   VI                                   7        7
   39-Y -89  3925  10   5   VI                                   8        8
   39-Y -89  3925  10   5   VI                                   9        9
   39-Y -89  3925  10   5   VI                                  10       10
   39-Y -89  3925  10   5   VI                                  10       10
   39-Y -89  3925  10   5   VI                                  11       11
   39-Y -89  3925  10   5   VI                                   9        9
   39-Y -89  3925  10   5   VI                                   9        9
   39-Y -89  3925  10   5   VI                                   6        6
   39-Y -89  3925  10   5   VI                                   7        7
   39-Y -89  3925  10   5   VI                                   7        7
   39-Y -89  3925  10   5   VI                                   8        8
   39-Y -89  3925  10   5   VI                                   9        9
   39-Y -89  3925  10   5   VI                                  10       10
   39-Y -89  3925  10   5   VI                                  11       11
   39-Y -89  3925  10   5   VI                                  13       13
   39-Y -89  3925  10   5   VI                                  11       11
   39-Y -89  3925  10   5   VI                                  11       11
   39-Y -89  3925  10   5   VI                                  10       10
   39-Y -89  3925  10   5   VI                                   9        9
   39-Y -89  3925  10   5   VI                                   6        6
   39-Y -89  3925  10   5   VI                                   7        7
   39-Y -89  3925  10   5   VI                                   8        8
   39-Y -89  3925  10   5   VI                                   8        8
   39-Y -89  3925  10   5   VI                                  10       10
   39-Y -89  3925  10   5   VI                                  10       10
   39-Y -89  3925  10   5   VI                                  12       12
   39-Y -89  3925  10   5   VI                                  12       12
   39-Y -89  3925  10   5   VI                                  14       14
   39-Y -89  3925  10   5   VI                                  11       11
   39-Y -89  3925  10   5   VI                                  11       11
   39-Y -89  3925  10   5   VI                                  10       10
   39-Y -89  3925  10   5   VI                                   6        6
   39-Y -89  3925  10   5   VI                                   7        7
   39-Y -89  3925  10   5   VI                                   7        7
   39-Y -89  3925  10   5   VI                                   8        8
   39-Y -89  3925  10   5   VI                                  10       10
   39-Y -89  3925  10   5   VI                                  10       10
   39-Y -89  3925  10   5   VI                                  12       12
   39-Y -89  3925  10   5   VI                                  13       13
   39-Y -89  3925  10   5   VI                                  14       14
   39-Y -89  3925  10   5   VI                                  11       11
   39-Y -89  3925  10   5   VI                                  11       11
   39-Y -89  3925  10   5   VI                                  10       10
   39-Y -89  3925  10   5   VI                                   6        6
   39-Y -89  3925  10   5   VI                                   7        7
   39-Y -89  3925  10   5   VI                                   7        7
   39-Y -89  3925  10   5   VI                                   9        9
   39-Y -89  3925  10   5   VI                                  10       10
   39-Y -89  3925  10   5   VI                                  11       11
   39-Y -89  3925  10   5   VI                                  30       30
   39-Y -89  3925  10   5   VI                                  14       14
   39-Y -89  3925  10   5   VI                                  14       14
   39-Y -89  3925  10   5   VI                                  11       11
   39-Y -89  3925  10   5   VI                                   6        6
   39-Y -89  3925  10   5   VI                                   7        7
   39-Y -89  3925  10   5   VI                                   9        9
   39-Y -89  3925  10   5   VI                                  10       10
   39-Y -89  3925  10   5   VI                                  11       11
   39-Y -89  3925  10   5   VI                                  12       12
   39-Y -89  3925  10   5   VI                                  26       26
   39-Y -89  3925  10   5   VI                                  32       32
   39-Y -89  3925  10   5   VI                                  14       14
   39-Y -89  3925  10   5   VI                                  14       14
   39-Y -89  3925  10   5   VI                                   7        7
   39-Y -89  3925  10   5   VI                                   7        7
   39-Y -89  3925  10   5   VI                                   9        9
   39-Y -89  3925  10   5   VI                                  10       10
   39-Y -89  3925  10   5   VI                                  11       11
   39-Y -89  3925  10   5   VI                                  13       13
   39-Y -89  3925  10   5   VI                                  17       17
   39-Y -89  3925  10   5   VI                                  37       37
   39-Y -89  3925  10   5   VI                                  33       33
   39-Y -89  3925  10   5   VI                                   7        7
   39-Y -89  3925  10   5   VI                                   9        9
   39-Y -89  3925  10   5   VI                                  10       10
   39-Y -89  3925  10   5   VI                                  11       11
   39-Y -89  3925  10   5   VI                                  13       13
   39-Y -89  3925  10   5   VI                                  66       66
   39-Y -89  3925  10   5   VI                                   7        7
   39-Y -89  3925  10   5   VI                                   8        8
   39-Y -89  3925  10   5   VI                                   9        9
   39-Y -89  3925  10   5   VI                                  11       11
   39-Y -89  3925  10   5   VI                                  13       13
   39-Y -89  3925  10   5   VI                                  20       20
   39-Y -89  3925  10   5   VI                                   9        9
   39-Y -89  3925  10   5   VI                                  10       10
   39-Y -89  3925  10   5   VI                                  12       12
   39-Y -89  3925  10  22   VI                                  19       19
   39-Y -89  3925  10  23   VI                                  14       14
   39-Y -89  3925  10  24   VI                                  37       37
   39-Y -89  3925  10  25   VI                                  18       18
   39-Y -89  3925  10  29   VI                                  30       30
   39-Y -89  3925  10  30   VI                                  17       17
   39-Y -89  3925  10  35   VI                                  17       17
   39-Y -89  3925  10  36   VI                                  12       12
   39-Y -89  3925  10  37   VI                                  16       16
   39-Y -89  3925  10  45   VI                                  38       38
   39-Y -89  3925  10 108   VI                                  50       50
   39-Y -89  3925  10 109   VI                                  24       24
   39-Y -89  3925  10 112   VI                                  21       21
   39-Y -89  3925  10 114   VI                                  15       15
  ------------------------------------------------------------------------------
                                               MAT Totals    20460    20460
  ------------------------------------------------------------------------------
 ------------------------------------------------------------------------------
 All Cross Sections Read. Maximum Tabulated Energy =  200000000. eV
 ------------------------------------------------------------------------------
 ===============================================================================
      MAT Total Execution Time                0.61 Seconds
 ===============================================================================
  ------------------------------------------------------------------------------
                                              Tape Totals    20460    20460
  ------------------------------------------------------------------------------
 ===============================================================================
 LINEAR   Total Execution Time                0.61 Seconds
 ===============================================================================
