 Process ENDF/B Double Differential Data - MF=6 (SIXPAK 2019-1)
 ==============================================================================
 ENDF/B Input Data Filename
 SIXPAK.IN                                                               
 ------------------------------------------------------------------------------
 Requested Ranges
 ------------------------------------------------------------------------------
    Minimum    Maximum   
    MAT  MT    MAT  MT
 ------------------------------------------------------------------------------
      1   1   9999 999
 ==============================================================================
 Terminology
 ------------------------------------------------------------------------------
 LCT  = Reference System (Lab or Center-of-Mass)
 LIP  = Product Modifier, e.g., for Isomeric States
 LAW  = Representation of Data - see, List at End of Output
 LANG = 1     = Legendre     (LAW 1)
      = 2     = Kalbach-Mann (LAW 1)
      = 11-15 = Tabulated    (LAW 1)
      = 0     = Legendre     (LAW 2)
      = 11-15 = Tabulated    (LAW 2)
 LTP  = 1-2   = Legendre     (LAW 5)
      = 11-15 = Tabulated    (LAW 5)
 LEP  = Secondary Energy Interpolation Type(1 to 5)
 ==============================================================================
 Tape Label
 ------------------------------------------------------------------------------
 Retrieved by E4-util: 2019/11/11,14:57:34                            1
 ------------------------------------------------------------------------------
 WARNING: MT=5 is ALLOWED in MF=6, but NOT in MF=4 or 5.
          see ENDF-102 - Strictly for diagnostic purposes
          this code will Translate MF=6 Data - but be
          WARNED - the results should not be used in ANY          APPLICATIONS.
 ------------------------------------------------------------------------------
 ==============================================================================
 Projectile   Target    Emitted    MAT  MT LCT LIP LAW LANG  LEP  ENDF/B
                                                        LTP       Output
 ==============================================================================
  Photon     40-Zr-91   Neutron   4028   5 cm    0   1    2    1      
 ------------------------------------------------------------------------------
 Projectile=      0 Emitted=      1 Cannot Define Kalbach-Mann
 Parameters for this Combination - Will use Neutron Parameters
 ------------------------------------------------------------------------------
  Photon     40-Zr-91    1-H -1   4028   5 cm    0   1    2    1      
 ------------------------------------------------------------------------------
 Projectile=      0 Emitted=   1001 Cannot Define Kalbach-Mann
 Parameters for this Combination - Will use Neutron Parameters
 ------------------------------------------------------------------------------
  Photon     40-Zr-91    1-H -2   4028   5 cm    0   1    2    1      
 ------------------------------------------------------------------------------
 Projectile=      0 Emitted=   1002 Cannot Define Kalbach-Mann
 Parameters for this Combination - Will use Neutron Parameters
 ------------------------------------------------------------------------------
  Photon     40-Zr-91    1-H -3   4028   5 cm    0   1    2    1      
 ------------------------------------------------------------------------------
 Projectile=      0 Emitted=   1003 Cannot Define Kalbach-Mann
 Parameters for this Combination - Will use Neutron Parameters
 ------------------------------------------------------------------------------
  Photon     40-Zr-91    2-He-3   4028   5 cm    0   1    2    1      
 ------------------------------------------------------------------------------
 Projectile=      0 Emitted=   2003 Cannot Define Kalbach-Mann
 Parameters for this Combination - Will use Neutron Parameters
 ------------------------------------------------------------------------------
  Photon     40-Zr-91    2-He-4   4028   5 cm    0   1    2    1      
 ------------------------------------------------------------------------------
 Projectile=      0 Emitted=   2004 Cannot Define Kalbach-Mann
 Parameters for this Combination - Will use Neutron Parameters
 ------------------------------------------------------------------------------
  Photon     40-Zr-91   30-Zn-61  4028   5 cm    0   0                
  Photon     40-Zr-91   30-Zn-62  4028   5 cm    0   0                
  Photon     40-Zr-91   30-Zn-63  4028   5 cm    0   0                
  Photon     40-Zr-91   30-Zn-64  4028   5 cm    0   0                
  Photon     40-Zr-91   30-Zn-65  4028   5 cm    0   0                
  Photon     40-Zr-91   30-Zn-66  4028   5 cm    0   0                
  Photon     40-Zr-91   31-Ga-63  4028   5 cm    0   0                
  Photon     40-Zr-91   31-Ga-64  4028   5 cm    0   0                
  Photon     40-Zr-91   31-Ga-65  4028   5 cm    0   0                
  Photon     40-Zr-91   31-Ga-66  4028   5 cm    0   0                
  Photon     40-Zr-91   31-Ga-67  4028   5 cm    0   0                
  Photon     40-Zr-91   31-Ga-68  4028   5 cm    0   0                
  Photon     40-Zr-91   31-Ga-69  4028   5 cm    0   0                
  Photon     40-Zr-91   32-Ge-66  4028   5 cm    0   0                
  Photon     40-Zr-91   32-Ge-67  4028   5 cm    0   0                
  Photon     40-Zr-91   32-Ge-68  4028   5 cm    0   0                
  Photon     40-Zr-91   32-Ge-69  4028   5 cm    0   0                
  Photon     40-Zr-91   32-Ge-70  4028   5 cm    0   0                
  Photon     40-Zr-91   32-Ge-71  4028   5 cm    0   0                
  Photon     40-Zr-91   33-As-68  4028   5 cm    0   0                
  Photon     40-Zr-91   33-As-69  4028   5 cm    0   0                
  Photon     40-Zr-91   33-As-70  4028   5 cm    0   0                
  Photon     40-Zr-91   33-As-71  4028   5 cm    0   0                
  Photon     40-Zr-91   33-As-72  4028   5 cm    0   0                
  Photon     40-Zr-91   33-As-73  4028   5 cm    0   0                
  Photon     40-Zr-91   33-As-74  4028   5 cm    0   0                
  Photon     40-Zr-91   34-Se-70  4028   5 cm    0   0                
  Photon     40-Zr-91   34-Se-71  4028   5 cm    0   0                
  Photon     40-Zr-91   34-Se-72  4028   5 cm    0   0                
  Photon     40-Zr-91   34-Se-73  4028   5 cm    0   0                
  Photon     40-Zr-91   34-Se-73  4028   5 cm    1   0                
  Photon     40-Zr-91   34-Se-74  4028   5 cm    0   0                
  Photon     40-Zr-91   34-Se-75  4028   5 cm    0   0                
  Photon     40-Zr-91   34-Se-76  4028   5 cm    0   0                
  Photon     40-Zr-91   34-Se-77  4028   5 cm    0   0                
  Photon     40-Zr-91   34-Se-77  4028   5 cm    1   0                
  Photon     40-Zr-91   34-Se-78  4028   5 cm    0   0                
  Photon     40-Zr-91   35-Br-71  4028   5 cm    0   0                
  Photon     40-Zr-91   35-Br-72  4028   5 cm    0   0                
  Photon     40-Zr-91   35-Br-72  4028   5 cm    1   0                
  Photon     40-Zr-91   35-Br-73  4028   5 cm    0   0                
  Photon     40-Zr-91   35-Br-74  4028   5 cm    0   0                
  Photon     40-Zr-91   35-Br-74  4028   5 cm    1   0                
  Photon     40-Zr-91   35-Br-75  4028   5 cm    0   0                
  Photon     40-Zr-91   35-Br-76  4028   5 cm    0   0                
  Photon     40-Zr-91   35-Br-76  4028   5 cm    1   0                
  Photon     40-Zr-91   35-Br-77  4028   5 cm    0   0                
  Photon     40-Zr-91   35-Br-77  4028   5 cm    1   0                
  Photon     40-Zr-91   35-Br-78  4028   5 cm    0   0                
  Photon     40-Zr-91   35-Br-79  4028   5 cm    0   0                
  Photon     40-Zr-91   35-Br-79  4028   5 cm    1   0                
  Photon     40-Zr-91   35-Br-80  4028   5 cm    0   0                
  Photon     40-Zr-91   35-Br-80  4028   5 cm    1   0                
  Photon     40-Zr-91   35-Br-81  4028   5 cm    0   0                
  Photon     40-Zr-91   36-Kr-74  4028   5 cm    0   0                
  Photon     40-Zr-91   36-Kr-75  4028   5 cm    0   0                
  Photon     40-Zr-91   36-Kr-76  4028   5 cm    0   0                
  Photon     40-Zr-91   36-Kr-77  4028   5 cm    0   0                
  Photon     40-Zr-91   36-Kr-78  4028   5 cm    0   0                
  Photon     40-Zr-91   36-Kr-79  4028   5 cm    0   0                
  Photon     40-Zr-91   36-Kr-79  4028   5 cm    1   0                
  Photon     40-Zr-91   36-Kr-80  4028   5 cm    0   0                
  Photon     40-Zr-91   36-Kr-81  4028   5 cm    0   0                
  Photon     40-Zr-91   36-Kr-81  4028   5 cm    1   0                
  Photon     40-Zr-91   36-Kr-82  4028   5 cm    0   0                
  Photon     40-Zr-91   36-Kr-83  4028   5 cm    0   0                
  Photon     40-Zr-91   36-Kr-83  4028   5 cm    1   0                
  Photon     40-Zr-91   36-Kr-84  4028   5 cm    0   0                
  Photon     40-Zr-91   37-Rb-76  4028   5 cm    0   0                
  Photon     40-Zr-91   37-Rb-77  4028   5 cm    0   0                
  Photon     40-Zr-91   37-Rb-78  4028   5 cm    0   0                
  Photon     40-Zr-91   37-Rb-78  4028   5 cm    1   0                
  Photon     40-Zr-91   37-Rb-79  4028   5 cm    0   0                
  Photon     40-Zr-91   37-Rb-80  4028   5 cm    0   0                
  Photon     40-Zr-91   37-Rb-81  4028   5 cm    0   0                
  Photon     40-Zr-91   37-Rb-81  4028   5 cm    1   0                
  Photon     40-Zr-91   37-Rb-82  4028   5 cm    0   0                
  Photon     40-Zr-91   37-Rb-82  4028   5 cm    1   0                
  Photon     40-Zr-91   37-Rb-83  4028   5 cm    0   0                
  Photon     40-Zr-91   37-Rb-84  4028   5 cm    0   0                
  Photon     40-Zr-91   37-Rb-84  4028   5 cm    1   0                
  Photon     40-Zr-91   37-Rb-85  4028   5 cm    0   0                
  Photon     40-Zr-91   37-Rb-86  4028   5 cm    0   0                
  Photon     40-Zr-91   37-Rb-86  4028   5 cm    1   0                
  Photon     40-Zr-91   37-Rb-87  4028   5 cm    0   0                
  Photon     40-Zr-91   38-Sr-79  4028   5 cm    0   0                
  Photon     40-Zr-91   38-Sr-80  4028   5 cm    0   0                
  Photon     40-Zr-91   38-Sr-81  4028   5 cm    0   0                
  Photon     40-Zr-91   38-Sr-82  4028   5 cm    0   0                
  Photon     40-Zr-91   38-Sr-83  4028   5 cm    0   0                
  Photon     40-Zr-91   38-Sr-83  4028   5 cm    1   0                
  Photon     40-Zr-91   38-Sr-84  4028   5 cm    0   0                
  Photon     40-Zr-91   38-Sr-85  4028   5 cm    0   0                
  Photon     40-Zr-91   38-Sr-85  4028   5 cm    1   0                
  Photon     40-Zr-91   38-Sr-86  4028   5 cm    0   0                
  Photon     40-Zr-91   38-Sr-87  4028   5 cm    0   0                
  Photon     40-Zr-91   38-Sr-87  4028   5 cm    1   0                
  Photon     40-Zr-91   38-Sr-88  4028   5 cm    0   0                
  Photon     40-Zr-91   38-Sr-89  4028   5 cm    0   0                
  Photon     40-Zr-91   39-Y -80  4028   5 cm    0   0                
  Photon     40-Zr-91   39-Y -80  4028   5 cm    1   0                
  Photon     40-Zr-91   39-Y -81  4028   5 cm    0   0                
  Photon     40-Zr-91   39-Y -82  4028   5 cm    0   0                
  Photon     40-Zr-91   39-Y -83  4028   5 cm    0   0                
  Photon     40-Zr-91   39-Y -83  4028   5 cm    1   0                
  Photon     40-Zr-91   39-Y -84  4028   5 cm    0   0                
  Photon     40-Zr-91   39-Y -84  4028   5 cm    1   0                
  Photon     40-Zr-91   39-Y -85  4028   5 cm    0   0                
  Photon     40-Zr-91   39-Y -85  4028   5 cm    1   0                
  Photon     40-Zr-91   39-Y -86  4028   5 cm    0   0                
  Photon     40-Zr-91   39-Y -86  4028   5 cm    1   0                
  Photon     40-Zr-91   39-Y -87  4028   5 cm    0   0                
  Photon     40-Zr-91   39-Y -87  4028   5 cm    1   0                
  Photon     40-Zr-91   39-Y -88  4028   5 cm    0   0                
  Photon     40-Zr-91   39-Y -89  4028   5 cm    0   0                
  Photon     40-Zr-91   39-Y -89  4028   5 cm    1   0                
  Photon     40-Zr-91   39-Y -90  4028   5 cm    0   0                
  Photon     40-Zr-91   39-Y -90  4028   5 cm    1   0                
  Photon     40-Zr-91   40-Zr-83  4028   5 cm    0   0                
  Photon     40-Zr-91   40-Zr-84  4028   5 cm    0   0                
  Photon     40-Zr-91   40-Zr-85  4028   5 cm    0   0                
  Photon     40-Zr-91   40-Zr-85  4028   5 cm    1   0                
  Photon     40-Zr-91   40-Zr-86  4028   5 cm    0   0                
  Photon     40-Zr-91   40-Zr-87  4028   5 cm    0   0                
  Photon     40-Zr-91   40-Zr-87  4028   5 cm    1   0                
  Photon     40-Zr-91   40-Zr-88  4028   5 cm    0   0                
  Photon     40-Zr-91   40-Zr-89  4028   5 cm    0   0                
  Photon     40-Zr-91   40-Zr-89  4028   5 cm    1   0                
  Photon     40-Zr-91   40-Zr-90  4028   5 cm    0   0                
  Photon     40-Zr-91   40-Zr-91  4028   5 cm    0   0                
  Photon     40-Zr-91   Photon    4028   5 cm    0   1    1    1      
 ------------------------------------------------------------------------------
 All Cross Sections Read. Maximum Tabulated Energy =  200000000. eV
 ------------------------------------------------------------------------------
 ==============================================================================
 Laws by Incident Particle
 ------------------------------------------------------------------------------
 Law Number and Definition   Photon    n     p     d     t  He-3  He-4 Other
 ------------------------------------------------------------------------------
 (0) Unknown................   130     0     0     0     0     0     0     0
 (1) Continuum Energy-Angle
      Legendre..............     1     0     0     0     0     0     0     0
      Kalbach-Mann..........     6     0     0     0     0     0     0     0
      Tabulated.............     0     0     0     0     0     0     0     0
 (2) Discrete 2 Body
      Legendre..............     0     0     0     0     0     0     0     0
      Tabulated.............     0     0     0     0     0     0     0     0
 (3) Isotropic Discrete.....     0     0     0     0     0     0     0     0
 (4) Discrete 2 Body Recoil.     0     0     0     0     0     0     0     0
 (5) Charged Particle Elastic
      Legendre..............     0     0     0     0     0     0     0     0
      Tabulated.............     0     0     0     0     0     0     0     0
 (6) n-Body Phase-Space.....     0     0     0     0     0     0     0     0
 (7) Laboratory Angle-Energy     0     0     0     0     0     0     0     0
 Not 0 to 7 (WARNING if Any)     0     0     0     0     0     0     0     0
 ==============================================================================
 Laws by Emitted Particle
 ------------------------------------------------------------------------------
 Law Number and Definition   Photon    n     p     d     t  He-3  He-4 Other
 ------------------------------------------------------------------------------
 (0) Unknown................     0     0     0     0     0     0     0   130
 (1) Continuum Energy-Angle
      Legendre..............     1     0     0     0     0     0     0     0
      Kalbach-Mann..........     0     1     1     1     1     1     1     0
      Tabulated.............     0     0     0     0     0     0     0     0
 (2) Discrete 2 Body
      Legendre..............     0     0     0     0     0     0     0     0
      Tabulated.............     0     0     0     0     0     0     0     0
 (3) Isotropic Discrete.....     0     0     0     0     0     0     0     0
 (4) Discrete 2 Body Recoil.     0     0     0     0     0     0     0     0
 (5) Charged Particle Elastic
      Legendre..............     0     0     0     0     0     0     0     0
      Tabulated.............     0     0     0     0     0     0     0     0
 (6) n-Body Phase-Space.....     0     0     0     0     0     0     0     0
 (7) Laboratory Angle-Energy     0     0     0     0     0     0     0     0
 Not 0 to 7 (WARNING if Any)     0     0     0     0     0     0     0     0
 ------------------------------------------------------------------------------
 Summary of Emitted Particle Yields
 ------------------------------------------------------------------------------
 Energy Independent.........     0     0     0     0     0     0     0     0
 Energy Dependent...........     1     1     1     1     1     1     1   130
 ------------------------------------------------------------------------------
 Summary of Angular Distributions
 ------------------------------------------------------------------------------
 Isotropic..................     1     0     0     0     0     0     0     0
 Nonisotropic...............     0     1     1     1     1     1     1     0
 Mixed......................     0     0     0     0     0     0     0     0
 ------------------------------------------------------------------------------
 Maximum Legendre Order.....     0     0     0     0     0     0     0     0
 Maximum Number of Cosines..     0     0     0     0     0     0     0     0
 ------------------------------------------------------------------------------
 Summary of Energy Distributions
 ------------------------------------------------------------------------------
 Continuous.................     1     1     1     1     1     1     1     0
 Discrete...................     0     0     0     0     0     0     0     0
 Mixed......................     0     0     0     0     0     0     0     0
 ------------------------------------------------------------------------------
 ==============================================================================
 Summary of Incident Neutron with Photon or Neutron Emitted Data
 ------------------------------------------------------------------------------
 Law Number and Definition   Output        Not Output 
 ------------------------------------------------------------------------------
                             Photon    n   Photon    n
 ------------------------------------------------------------------------------
 (0) Unknown................     0     0       0     0
 (1) Continuum Energy-Angle
      Legendre..............     0     0       0     0
      Kalbach-Mann..........     0     0       0     0
      Tabulated.............     0     0       0     0
 (2) Discrete 2 Body
      Legendre..............     0     0       0     0
      Tabulated.............     0     0       0     0
 (3) Isotropic Discrete.....     0     0       0     0
 (4) Discrete 2 Body Recoil.     0     0       0     0
 (5) Charged Particle Elastic
      Legendre..............     0     0       0     0
      Tabulated.............     0     0       0     0
 (6) n-Body Phase-Space.....     0     0       0     0
 (7) Laboratory Angle-Energy     0     0       0     0
 Not 0 to 7 (WARNING if Any)     0     0       0     0
 ==============================================================================
 End of Run
 ===============================================================================
 SIXPAK   Total Execution Time                0.07 Seconds
 ===============================================================================
