 ENDF Activation Cross Sections (ACTIVATE 2019-1)
 ------------------------------------------------------------------------------
 ENDF Input and Output Data Filenames
 ------------------------------------------------------------------------------
 ACTIVATE.IN                                                             
 ACTIVATE.OUT                                                            
 ------------------------------------------------------------------------------
 ENDF Tape Label
 ------------------------------------------------------------------------------
 Retrieved by E4-util: 2019/11/11,14:56:55                            1
 ------------------------------------------------------------------------------
   Material  MAT  MF  MT  ENDF    ZAP Final      Q-Value Points Points
                          Format      State           eV     In    Out
 ------------------------------------------------------------------------------
  14-Si-29  1428  10   5   6        1     0   0.0            70     70
  14-Si-29  1428  10   5   6     1001     0   0.0            70     70
  14-Si-29  1428  10   5   6     1002     0   0.0            70     70
  14-Si-29  1428  10   5   6     1003     0   0.0            70     70
  14-Si-29  1428  10   5   6     2004     0   0.0            70     70
  14-Si-29  1428  10   5   6    12020     0   0.0            70     70
  14-Si-29  1428  10   5   6    12021     0   0.0            70     70
  14-Si-29  1428  10   5   6    12022     0   0.0            70     70
  14-Si-29  1428  10   5   6    12023     0   0.0            70     70
  14-Si-29  1428  10   5   6    12024     0   0.0            70     70
  14-Si-29  1428  10   5   6    12025     0   0.0            70     70
  14-Si-29  1428  10   5   6    12026     0   0.0            70     70
  14-Si-29  1428  10   5   6    12027     0   0.0            70     70
  14-Si-29  1428  10   5   6    13022     0   0.0            70     70
  14-Si-29  1428  10   5   6    13023     0   0.0            70     70
  14-Si-29  1428  10   5   6    13024     0   0.0            70     70
  14-Si-29  1428  10   5   6    13025     0   0.0            70     70
  14-Si-29  1428  10   5   6    13026     0   0.0            70     70
  14-Si-29  1428  10   5   6    13027     0   0.0            70     70
  14-Si-29  1428  10   5   6    13028     0   0.0            70     70
  14-Si-29  1428  10   5   6    14024     0   0.0            70     70
  14-Si-29  1428  10   5   6    14025     0   0.0            70     70
  14-Si-29  1428  10   5   6    14026     0   0.0            70     70
  14-Si-29  1428  10   5   6    14027     0   0.0            70     70
  14-Si-29  1428  10   5   6    14028     0   0.0            70     70
  14-Si-29  1428  10   5   6        0     0   0.0            70     70
 ------------------------------------------------------------------------------
                                              MAT Totals   1820   1820
 ------------------------------------------------------------------------------
 ------------------------------------------------------------------------------
 All Cross Sections Read. Maximum Tabulated Energy =  140000000. eV
 ------------------------------------------------------------------------------
 ===============================================================================
      MAT Total Execution Time                0.17 Seconds
 ===============================================================================
 ------------------------------------------------------------------------------
                                             Tape Totals   1820   1820
 ------------------------------------------------------------------------------
 ===============================================================================
 ACTIVATE Total Execution Time                0.17 Seconds
 ===============================================================================
