 Process ENDF/B Double Differential Data - MF=6 (SIXPAK 2019-1)
 ==============================================================================
 ENDF/B Input Data Filename
 SIXPAK.IN                                                               
 ------------------------------------------------------------------------------
 Requested Ranges
 ------------------------------------------------------------------------------
    Minimum    Maximum   
    MAT  MT    MAT  MT
 ------------------------------------------------------------------------------
      1   1   9999 999
 ==============================================================================
 Terminology
 ------------------------------------------------------------------------------
 LCT  = Reference System (Lab or Center-of-Mass)
 LIP  = Product Modifier, e.g., for Isomeric States
 LAW  = Representation of Data - see, List at End of Output
 LANG = 1     = Legendre     (LAW 1)
      = 2     = Kalbach-Mann (LAW 1)
      = 11-15 = Tabulated    (LAW 1)
      = 0     = Legendre     (LAW 2)
      = 11-15 = Tabulated    (LAW 2)
 LTP  = 1-2   = Legendre     (LAW 5)
      = 11-15 = Tabulated    (LAW 5)
 LEP  = Secondary Energy Interpolation Type(1 to 5)
 ==============================================================================
 Tape Label
 ------------------------------------------------------------------------------
 Retrieved by E4-util: 2019/11/11,14:57:07                            1
 ------------------------------------------------------------------------------
 WARNING: MT=5 is ALLOWED in MF=6, but NOT in MF=4 or 5.
          see ENDF-102 - Strictly for diagnostic purposes
          this code will Translate MF=6 Data - but be
          WARNED - the results should not be used in ANY          APPLICATIONS.
 ------------------------------------------------------------------------------
 ==============================================================================
 Projectile   Target    Emitted    MAT  MT LCT LIP LAW LANG  LEP  ENDF/B
                                                        LTP       Output
 ==============================================================================
  Photon     24-Cr-50   Neutron   2425   5 cm    0   1    2    2      
 ------------------------------------------------------------------------------
 Projectile=      0 Emitted=      1 Cannot Define Kalbach-Mann
 Parameters for this Combination - Will use Neutron Parameters
 ------------------------------------------------------------------------------
  Photon     24-Cr-50    1-H -1   2425   5 cm    0   1    2    2      
 ------------------------------------------------------------------------------
 Projectile=      0 Emitted=   1001 Cannot Define Kalbach-Mann
 Parameters for this Combination - Will use Neutron Parameters
 ------------------------------------------------------------------------------
  Photon     24-Cr-50    1-H -2   2425   5 cm    0   1    2    2      
 ------------------------------------------------------------------------------
 Projectile=      0 Emitted=   1002 Cannot Define Kalbach-Mann
 Parameters for this Combination - Will use Neutron Parameters
 ------------------------------------------------------------------------------
  Photon     24-Cr-50    1-H -3   2425   5 cm    0   1    2    2      
 ------------------------------------------------------------------------------
 Projectile=      0 Emitted=   1003 Cannot Define Kalbach-Mann
 Parameters for this Combination - Will use Neutron Parameters
 ------------------------------------------------------------------------------
  Photon     24-Cr-50    2-He-3   2425   5 cm    0   1    2    2      
 ------------------------------------------------------------------------------
 Projectile=      0 Emitted=   2003 Cannot Define Kalbach-Mann
 Parameters for this Combination - Will use Neutron Parameters
 ------------------------------------------------------------------------------
  Photon     24-Cr-50    2-He-4   2425   5 cm    0   1    2    2      
 ------------------------------------------------------------------------------
 Projectile=      0 Emitted=   2004 Cannot Define Kalbach-Mann
 Parameters for this Combination - Will use Neutron Parameters
 ------------------------------------------------------------------------------
  Photon     24-Cr-50   16-S -34  2425   5 cm    0   1    1    2      
  Photon     24-Cr-50   17-Cl-35  2425   5 cm    0   1    1    2      
  Photon     24-Cr-50   17-Cl-36  2425   5 cm    0   1    1    2      
  Photon     24-Cr-50   17-Cl-37  2425   5 cm    0   1    1    2      
  Photon     24-Cr-50   17-Cl-38  2425   5 cm    0   1    1    2      
  Photon     24-Cr-50   18-Ar-36  2425   5 cm    0   1    1    2      
  Photon     24-Cr-50   18-Ar-37  2425   5 cm    0   1    1    2      
  Photon     24-Cr-50   18-Ar-38  2425   5 cm    0   1    1    2      
  Photon     24-Cr-50   18-Ar-39  2425   5 cm    0   1    1    2      
  Photon     24-Cr-50   18-Ar-40  2425   5 cm    0   1    1    2      
  Photon     24-Cr-50   19-K -38  2425   5 cm    0   1    1    2      
  Photon     24-Cr-50   19-K -39  2425   5 cm    0   1    1    2      
  Photon     24-Cr-50   19-K -40  2425   5 cm    0   1    1    2      
  Photon     24-Cr-50   19-K -41  2425   5 cm    0   1    1    2      
  Photon     24-Cr-50   19-K -42  2425   5 cm    0   1    1    2      
  Photon     24-Cr-50   19-K -43  2425   5 cm    0   1    1    2      
  Photon     24-Cr-50   19-K -44  2425   5 cm    0   1    1    2      
  Photon     24-Cr-50   20-Ca-40  2425   5 cm    0   1    1    2      
  Photon     24-Cr-50   20-Ca-41  2425   5 cm    0   1    1    2      
  Photon     24-Cr-50   20-Ca-42  2425   5 cm    0   1    1    2      
  Photon     24-Cr-50   20-Ca-43  2425   5 cm    0   1    1    2      
  Photon     24-Cr-50   20-Ca-44  2425   5 cm    0   1    1    2      
  Photon     24-Cr-50   20-Ca-45  2425   5 cm    0   1    1    2      
  Photon     24-Cr-50   20-Ca-46  2425   5 cm    0   1    1    2      
  Photon     24-Cr-50   21-Sc-42  2425   5 cm    0   1    1    2      
  Photon     24-Cr-50   21-Sc-43  2425   5 cm    0   1    1    2      
  Photon     24-Cr-50   21-Sc-44  2425   5 cm    0   1    1    2      
  Photon     24-Cr-50   21-Sc-45  2425   5 cm    0   1    1    2      
  Photon     24-Cr-50   21-Sc-46  2425   5 cm    0   1    1    2      
  Photon     24-Cr-50   21-Sc-47  2425   5 cm    0   1    1    2      
  Photon     24-Cr-50   22-Ti-44  2425   5 cm    0   1    1    2      
  Photon     24-Cr-50   22-Ti-45  2425   5 cm    0   1    1    2      
  Photon     24-Cr-50   22-Ti-46  2425   5 cm    0   1    1    2      
  Photon     24-Cr-50   22-Ti-47  2425   5 cm    0   1    1    2      
  Photon     24-Cr-50   22-Ti-48  2425   5 cm    0   1    1    2      
  Photon     24-Cr-50   23-V -45  2425   5 cm    0   1    1    2      
  Photon     24-Cr-50   23-V -46  2425   5 cm    0   1    1    2      
  Photon     24-Cr-50   23-V -47  2425   5 cm    0   1    1    2      
  Photon     24-Cr-50   23-V -48  2425   5 cm    0   1    1    2      
  Photon     24-Cr-50   23-V -49  2425   5 cm    0   1    1    2      
  Photon     24-Cr-50   24-Cr-47  2425   5 cm    0   1    1    2      
  Photon     24-Cr-50   24-Cr-48  2425   5 cm    0   1    1    2      
  Photon     24-Cr-50   24-Cr-49  2425   5 cm    0   1    1    2      
 ------------------------------------------------------------------------------
 All Cross Sections Read. Maximum Tabulated Energy =  200000000. eV
 ------------------------------------------------------------------------------
 ==============================================================================
 Laws by Incident Particle
 ------------------------------------------------------------------------------
 Law Number and Definition   Photon    n     p     d     t  He-3  He-4 Other
 ------------------------------------------------------------------------------
 (0) Unknown................     0     0     0     0     0     0     0     0
 (1) Continuum Energy-Angle
      Legendre..............    43     0     0     0     0     0     0     0
      Kalbach-Mann..........     6     0     0     0     0     0     0     0
      Tabulated.............     0     0     0     0     0     0     0     0
 (2) Discrete 2 Body
      Legendre..............     0     0     0     0     0     0     0     0
      Tabulated.............     0     0     0     0     0     0     0     0
 (3) Isotropic Discrete.....     0     0     0     0     0     0     0     0
 (4) Discrete 2 Body Recoil.     0     0     0     0     0     0     0     0
 (5) Charged Particle Elastic
      Legendre..............     0     0     0     0     0     0     0     0
      Tabulated.............     0     0     0     0     0     0     0     0
 (6) n-Body Phase-Space.....     0     0     0     0     0     0     0     0
 (7) Laboratory Angle-Energy     0     0     0     0     0     0     0     0
 Not 0 to 7 (WARNING if Any)     0     0     0     0     0     0     0     0
 ==============================================================================
 Laws by Emitted Particle
 ------------------------------------------------------------------------------
 Law Number and Definition   Photon    n     p     d     t  He-3  He-4 Other
 ------------------------------------------------------------------------------
 (0) Unknown................     0     0     0     0     0     0     0     0
 (1) Continuum Energy-Angle
      Legendre..............     0     0     0     0     0     0     0    43
      Kalbach-Mann..........     0     1     1     1     1     1     1     0
      Tabulated.............     0     0     0     0     0     0     0     0
 (2) Discrete 2 Body
      Legendre..............     0     0     0     0     0     0     0     0
      Tabulated.............     0     0     0     0     0     0     0     0
 (3) Isotropic Discrete.....     0     0     0     0     0     0     0     0
 (4) Discrete 2 Body Recoil.     0     0     0     0     0     0     0     0
 (5) Charged Particle Elastic
      Legendre..............     0     0     0     0     0     0     0     0
      Tabulated.............     0     0     0     0     0     0     0     0
 (6) n-Body Phase-Space.....     0     0     0     0     0     0     0     0
 (7) Laboratory Angle-Energy     0     0     0     0     0     0     0     0
 Not 0 to 7 (WARNING if Any)     0     0     0     0     0     0     0     0
 ------------------------------------------------------------------------------
 Summary of Emitted Particle Yields
 ------------------------------------------------------------------------------
 Energy Independent.........     0     0     0     0     0     0     0     0
 Energy Dependent...........     0     1     1     1     1     1     1    43
 ------------------------------------------------------------------------------
 Summary of Angular Distributions
 ------------------------------------------------------------------------------
 Isotropic..................     0     0     0     0     0     0     0    43
 Nonisotropic...............     0     1     1     1     1     1     1     0
 Mixed......................     0     0     0     0     0     0     0     0
 ------------------------------------------------------------------------------
 Maximum Legendre Order.....     0     0     0     0     0     0     0     0
 Maximum Number of Cosines..     0     0     0     0     0     0     0     0
 ------------------------------------------------------------------------------
 Summary of Energy Distributions
 ------------------------------------------------------------------------------
 Continuous.................     0     1     1     1     1     1     1    43
 Discrete...................     0     0     0     0     0     0     0     0
 Mixed......................     0     0     0     0     0     0     0     0
 ------------------------------------------------------------------------------
 ==============================================================================
 Summary of Incident Neutron with Photon or Neutron Emitted Data
 ------------------------------------------------------------------------------
 Law Number and Definition   Output        Not Output 
 ------------------------------------------------------------------------------
                             Photon    n   Photon    n
 ------------------------------------------------------------------------------
 (0) Unknown................     0     0       0     0
 (1) Continuum Energy-Angle
      Legendre..............     0     0       0     0
      Kalbach-Mann..........     0     0       0     0
      Tabulated.............     0     0       0     0
 (2) Discrete 2 Body
      Legendre..............     0     0       0     0
      Tabulated.............     0     0       0     0
 (3) Isotropic Discrete.....     0     0       0     0
 (4) Discrete 2 Body Recoil.     0     0       0     0
 (5) Charged Particle Elastic
      Legendre..............     0     0       0     0
      Tabulated.............     0     0       0     0
 (6) n-Body Phase-Space.....     0     0       0     0
 (7) Laboratory Angle-Energy     0     0       0     0
 Not 0 to 7 (WARNING if Any)     0     0       0     0
 ==============================================================================
 End of Run
 ===============================================================================
 SIXPAK   Total Execution Time                0.17 Seconds
 ===============================================================================
