


 Plot Evaluated Data from the ENDF/B Format (EVALPLOT 2019-1)
 ------------------------------------------------------------------------
 Description of Plotter and Plots per Frame
 ------------------------------------------------------------------------
 X Dimensions (X-Min to X-Max)-----------------     0.0000 to     13.0000 Inches
 Y Dimensions (Y-Min to Y-Max)-----------------     0.0000 to     10.5000 Inches
 Layout of Plots per Frame (X by Y)------------          1 by           1
 Character Size Multiplier---------------------       1.50
 ------------------------------------------------------------------------
 ENDF/B Data Filename
------------------------------------------------------------------------
 ENDFB.IN                                                                
 ------------------------------------------------------------------------
 ------------------------------------------------------------------------
 Input Parameters
 ------------------------------------------------------------------------
 Retrieval Criteria----------------------------        MAT
 Grid Type-------------------------------------Tick Marks      
 Should Border be Plotted on Each Plot---------         No
 Line Thickness--------------------------------          0
 Cross Section Temperature on Plots------------        Yes
 Mimimum Ratio of Y Min to Max Range of Plot--- 1.00000E-8
 On Screen Background Color--------------------Black
 ------------------------------------------------------------------------
 Request Ranges
 ------------------------------------------------------------------------
         Mimimum                      Maximum          
    MAT MF  MT Energy-eV         MAT MF  MT Energy-eV    Type
 ------------------------------------------------------------------------
      0  0   0 0.0              9999 99 999 1.0000E+11      0
 ------------------------------------------------------------------------
 Tape Label
 ------------------------------------------------------------------------
  EMPEND Processing file : ta181-g.out                                1
 ------------------------------------------------------------------------
 Plot Report
 ------------------------------------------------------------------------
                    Tables by MF                 Plots by MF
 ------------------------------------------------------------------------
 Material    MAT   3   4   5  10  15  23  27*   3   4   5  10  15  23  27
 ------------------------------------------------------------------------
  73-Ta-181 7328 143  80   0   6   0   0   0*  19  40   0   3   0   0   0
 ------------------------------------------------------------------------
 Totals          143  80   0   6   0   0   0*  19  40   0   3   0   0   0
 ------------------------------------------------------------------------
 ------------------------------------------------------------------------------
 All Cross Sections Read. Maximum Tabulated Energy =  200000000. eV
 ------------------------------------------------------------------------------
 ===============================================================================
 EVALPLOT Total Execution Time                2.08 Seconds
 ===============================================================================
