 Process ENDF/B Double Differential Data - MF=6 (SIXPAK 2019-1)
 ==============================================================================
 ENDF/B Input Data Filename
 SIXPAK.IN                                                               
 ------------------------------------------------------------------------------
 Requested Ranges
 ------------------------------------------------------------------------------
    Minimum    Maximum   
    MAT  MT    MAT  MT
 ------------------------------------------------------------------------------
      1   1   9999 999
 ==============================================================================
 Terminology
 ------------------------------------------------------------------------------
 LCT  = Reference System (Lab or Center-of-Mass)
 LIP  = Product Modifier, e.g., for Isomeric States
 LAW  = Representation of Data - see, List at End of Output
 LANG = 1     = Legendre     (LAW 1)
      = 2     = Kalbach-Mann (LAW 1)
      = 11-15 = Tabulated    (LAW 1)
      = 0     = Legendre     (LAW 2)
      = 11-15 = Tabulated    (LAW 2)
 LTP  = 1-2   = Legendre     (LAW 5)
      = 11-15 = Tabulated    (LAW 5)
 LEP  = Secondary Energy Interpolation Type(1 to 5)
 ==============================================================================
 Tape Label
 ------------------------------------------------------------------------------
 Retrieved by E4-util: 2019/11/11,14:56:47                            1
 ------------------------------------------------------------------------------
 WARNING: MT=5 is ALLOWED in MF=6, but NOT in MF=4 or 5.
          see ENDF-102 - Strictly for diagnostic purposes
          this code will Translate MF=6 Data - but be
          WARNED - the results should not be used in ANY          APPLICATIONS.
 ------------------------------------------------------------------------------
 ==============================================================================
 Projectile   Target    Emitted    MAT  MT LCT LIP LAW LANG  LEP  ENDF/B
                                                        LTP       Output
 ==============================================================================
  Photon      6-C -13   Neutron    628   5 cm    0   1    2    1      
 ------------------------------------------------------------------------------
 Projectile=      0 Emitted=      1 Cannot Define Kalbach-Mann
 Parameters for this Combination - Will use Neutron Parameters
 ------------------------------------------------------------------------------
  Photon      6-C -13    1-H -1    628   5 cm    0   1    2    1      
 ------------------------------------------------------------------------------
 Projectile=      0 Emitted=   1001 Cannot Define Kalbach-Mann
 Parameters for this Combination - Will use Neutron Parameters
 ------------------------------------------------------------------------------
 ------------------------------------------------------------------------------
 E= 2.1500E+07 EP= 0.0000E+00 R= 1.0960E+00 (Expect 0 TO 1)
 ------------------------------------------------------------------------------
 ------------------------------------------------------------------------------
 E= 2.3500E+07 EP= 0.0000E+00 R= 1.0730E+00 (Expect 0 TO 1)
 ------------------------------------------------------------------------------
 ------------------------------------------------------------------------------
 E= 2.3500E+07 EP= 0.0000E+00 R= 1.0190E+00 (Expect 0 TO 1)
 ------------------------------------------------------------------------------
  Photon      6-C -13    1-H -2    628   5 cm    0   1    2    1      
 ------------------------------------------------------------------------------
 Projectile=      0 Emitted=   1002 Cannot Define Kalbach-Mann
 Parameters for this Combination - Will use Neutron Parameters
 ------------------------------------------------------------------------------
  Photon      6-C -13    1-H -3    628   5 cm    0   1    2    1      
 ------------------------------------------------------------------------------
 Projectile=      0 Emitted=   1003 Cannot Define Kalbach-Mann
 Parameters for this Combination - Will use Neutron Parameters
 ------------------------------------------------------------------------------
  Photon      6-C -13    2-He-4    628   5 cm    0   1    2    1      
 ------------------------------------------------------------------------------
 Projectile=      0 Emitted=   2004 Cannot Define Kalbach-Mann
 Parameters for this Combination - Will use Neutron Parameters
 ------------------------------------------------------------------------------
  Photon      6-C -13    3-Li-6    628   5 cm    0   1    1    1      
  Photon      6-C -13    3-Li-7    628   5 cm    0   1    1    1      
  Photon      6-C -13    3-Li-8    628   5 cm    0   1    1    1      
  Photon      6-C -13    4-Be-7    628   5 cm    0   1    1    1      
  Photon      6-C -13    4-Be-8    628   5 cm    0   1    1    1      
  Photon      6-C -13    4-Be-9    628   5 cm    0   1    1    1      
  Photon      6-C -13    5-B -8    628   5 cm    0   1    1    1      
  Photon      6-C -13    5-B -9    628   5 cm    0   1    1    1      
  Photon      6-C -13    5-B -10   628   5 cm    0   1    1    1      
  Photon      6-C -13    5-B -11   628   5 cm    0   1    1    1      
  Photon      6-C -13    5-B -12   628   5 cm    0   1    1    1      
  Photon      6-C -13    6-C -9    628   5 cm    0   1    1    1      
  Photon      6-C -13    6-C -10   628   5 cm    0   1    1    1      
  Photon      6-C -13    6-C -11   628   5 cm    0   1    1    1      
  Photon      6-C -13    6-C -12   628   5 cm    0   1    1    1      
  Photon      6-C -13   Photon     628   5 cm    0   1    1    1      
 ------------------------------------------------------------------------------
 All Cross Sections Read. Maximum Tabulated Energy =  140000000. eV
 ------------------------------------------------------------------------------
 ==============================================================================
 Laws by Incident Particle
 ------------------------------------------------------------------------------
 Law Number and Definition   Photon    n     p     d     t  He-3  He-4 Other
 ------------------------------------------------------------------------------
 (0) Unknown................     0     0     0     0     0     0     0     0
 (1) Continuum Energy-Angle
      Legendre..............    16     0     0     0     0     0     0     0
      Kalbach-Mann..........     5     0     0     0     0     0     0     0
      Tabulated.............     0     0     0     0     0     0     0     0
 (2) Discrete 2 Body
      Legendre..............     0     0     0     0     0     0     0     0
      Tabulated.............     0     0     0     0     0     0     0     0
 (3) Isotropic Discrete.....     0     0     0     0     0     0     0     0
 (4) Discrete 2 Body Recoil.     0     0     0     0     0     0     0     0
 (5) Charged Particle Elastic
      Legendre..............     0     0     0     0     0     0     0     0
      Tabulated.............     0     0     0     0     0     0     0     0
 (6) n-Body Phase-Space.....     0     0     0     0     0     0     0     0
 (7) Laboratory Angle-Energy     0     0     0     0     0     0     0     0
 Not 0 to 7 (WARNING if Any)     0     0     0     0     0     0     0     0
 ==============================================================================
 Laws by Emitted Particle
 ------------------------------------------------------------------------------
 Law Number and Definition   Photon    n     p     d     t  He-3  He-4 Other
 ------------------------------------------------------------------------------
 (0) Unknown................     0     0     0     0     0     0     0     0
 (1) Continuum Energy-Angle
      Legendre..............     1     0     0     0     0     0     0    15
      Kalbach-Mann..........     0     1     1     1     1     0     1     0
      Tabulated.............     0     0     0     0     0     0     0     0
 (2) Discrete 2 Body
      Legendre..............     0     0     0     0     0     0     0     0
      Tabulated.............     0     0     0     0     0     0     0     0
 (3) Isotropic Discrete.....     0     0     0     0     0     0     0     0
 (4) Discrete 2 Body Recoil.     0     0     0     0     0     0     0     0
 (5) Charged Particle Elastic
      Legendre..............     0     0     0     0     0     0     0     0
      Tabulated.............     0     0     0     0     0     0     0     0
 (6) n-Body Phase-Space.....     0     0     0     0     0     0     0     0
 (7) Laboratory Angle-Energy     0     0     0     0     0     0     0     0
 Not 0 to 7 (WARNING if Any)     0     0     0     0     0     0     0     0
 ------------------------------------------------------------------------------
 Summary of Emitted Particle Yields
 ------------------------------------------------------------------------------
 Energy Independent.........     0     0     0     0     0     0     0     0
 Energy Dependent...........     1     1     1     1     1     0     1    15
 ------------------------------------------------------------------------------
 Summary of Angular Distributions
 ------------------------------------------------------------------------------
 Isotropic..................     1     0     0     0     0     0     0    15
 Nonisotropic...............     0     1     1     1     1     0     1     0
 Mixed......................     0     0     0     0     0     0     0     0
 ------------------------------------------------------------------------------
 Maximum Legendre Order.....     0     0     0     0     0     0     0     0
 Maximum Number of Cosines..     0     0     0     0     0     0     0     0
 ------------------------------------------------------------------------------
 Summary of Energy Distributions
 ------------------------------------------------------------------------------
 Continuous.................     1     1     1     1     1     0     1    15
 Discrete...................     0     0     0     0     0     0     0     0
 Mixed......................     0     0     0     0     0     0     0     0
 ------------------------------------------------------------------------------
 ==============================================================================
 Summary of Incident Neutron with Photon or Neutron Emitted Data
 ------------------------------------------------------------------------------
 Law Number and Definition   Output        Not Output 
 ------------------------------------------------------------------------------
                             Photon    n   Photon    n
 ------------------------------------------------------------------------------
 (0) Unknown................     0     0       0     0
 (1) Continuum Energy-Angle
      Legendre..............     0     0       0     0
      Kalbach-Mann..........     0     0       0     0
      Tabulated.............     0     0       0     0
 (2) Discrete 2 Body
      Legendre..............     0     0       0     0
      Tabulated.............     0     0       0     0
 (3) Isotropic Discrete.....     0     0       0     0
 (4) Discrete 2 Body Recoil.     0     0       0     0
 (5) Charged Particle Elastic
      Legendre..............     0     0       0     0
      Tabulated.............     0     0       0     0
 (6) n-Body Phase-Space.....     0     0       0     0
 (7) Laboratory Angle-Energy     0     0       0     0
 Not 0 to 7 (WARNING if Any)     0     0       0     0
 ==============================================================================
 End of Run
 ===============================================================================
 SIXPAK   Total Execution Time                0.10 Seconds
 ===============================================================================
